// Jest Snapshot v1, https://goo.gl/fbAQLP

exports[`NotesContainer NotesContainer should match the snapshot 1`] = `
<div
  className="NotesContainer"
>
  <Link
    className="note-click"
    key="123ABA"
    to="/notes/123ABA"
  >
    <div>
      <h3>
        Worf ToDo
      </h3>
    </div>
  </Link>
  <Link
    className="note-click"
    key="987GDGFD"
    to="/notes/987GDGFD"
  >
    <div>
      <h3>
        Jake ToDo
      </h3>
    </div>
  </Link>
</div>
`;

exports[`NotesContainer NotesContainer should return JSX when generateNotes is called 1`] = `undefined`;
