// Jest Snapshot v1, https://goo.gl/fbAQLP

exports[`Error should match the snapshot 1`] = `
<div
  className="Error-Message"
>
  <section
    className="Error-Content"
  >
    <h1>
      Page Not Found
    </h1>
    <NavLink
      to="/"
    >
      Return to Homepage
    </NavLink>
  </section>
</div>
`;
