// Jest Snapshot v1, https://goo.gl/fbAQLP

exports[`NoteForm NoteForm Component should match the snapshot 1`] = `
<div
  className="Note"
>
  <section
    className="Note-Content"
  >
    <div
      className="Note-Form-Container"
    >
      <div
        className="Note-Form"
      >
        <input
          className="Note-Title"
          name="title"
          onChange={[Function]}
          placeholder="Title"
          type="text"
          value="Jake ToDo"
        />
        <ul
          className="ListItems"
        >
          <ListItem
            handleItemChange={[Function]}
            handleItemDelete={[Function]}
            id="O6oYExG7Q"
            index={0}
            isComplete={false}
            key="O6oYExG7Q"
            text="Do basic styling"
            toggleComplete={[Function]}
          />
        </ul>
        <ul
          className="ListItems Completed"
        />
        <NoteOptions
          deleteNote={[Function]}
          handleClose={[Function]}
          handleType={[Function]}
        />
        <section
          className="Note-Error"
        >
          <h2 />
        </section>
      </div>
    </div>
  </section>
</div>
`;
