// Jest Snapshot v1, https://goo.gl/fbAQLP

exports[`NoteOptions should match the snapshot 1`] = `
<div
  className="Note-Options"
>
  <div
    className="Color-Picker"
  >
    <button
      className="Color Yellow"
      name="#FFE680"
      onClick={[Function]}
    />
    <button
      className="Color Green"
      name="#D6FFB7"
      onClick={[Function]}
    />
    <button
      className="Color Purple"
      name="#EEF5DB"
      onClick={[Function]}
    />
  </div>
  <div
    className="Note-SubOptions"
  >
    <button
      className="Note-Save"
      onClick={[MockFunction]}
      type="submit"
    >
      <i
        className="fas fa-save"
      />
    </button>
    <button
      className="Note-Delete"
      onClick={[MockFunction]}
    >
      <i
        className="fas fa-trash-alt"
      />
    </button>
    <NavLink
      className="Note-Close"
      onClick={[MockFunction]}
      to="/"
    >
      <button>
        Close
      </button>
    </NavLink>
  </div>
</div>
`;
